init
set_reset 0
delay_ns 10000000
set_reset 1
delay_ns 2000000
comm_begin
send
  dc 0
  bytes a1 a8 3f da 12 c8 d3 00 d9 22 db 35 d5 f0
send
  dc 0
  bytes ad
send
  dc 0
  bytes 8b
send
  dc 0
  bytes 32
send
  dc 0
  bytes b0
send
  dc 0
  bytes 10 02
send
  dc 1
  bytes 00
send
  dc 1
  bytes 00
send
  dc 1
  bytes 00
send
  dc 1
  bytes 00
send
  dc 1
  bytes 00
send
  dc 1
  bytes 00
send
  dc 1
  bytes 00
send
  dc 1
  bytes 00
send
  dc 1
  bytes 00
send
  dc 1
  bytes 00
send
  dc 1
  bytes 00
send
  dc 1
  bytes 00
send
  dc 1
  bytes 00
send
  dc 1
  bytes 00
send
  dc 1
  bytes 00
send
  dc 1
  bytes 00
send
  dc 1
  bytes 00
send
  dc 1
  bytes 00
send
  dc 1
  bytes 00
send
  dc 1
  bytes 00
send
  dc 1
  bytes 00
send
  dc 1
  bytes 00
send
  dc 1
  bytes 00
send
  dc 1
  bytes 00
send
  dc 1
  bytes 00
send
  dc 1
  bytes 00
send
  dc 1
  bytes 00
send
  dc 1
  bytes 00
send
  dc 1
  bytes 00
send
  dc 1
  bytes 00
send
  dc 1
  bytes 00
send
  dc 1
  bytes 00
send
  dc 1
  bytes 00
send
  dc 1
  bytes 00
send
  dc 1
  bytes 00
send
  dc 1
  bytes 00
send
  dc 1
  bytes 00
send
  dc 1
  bytes 00
send
  dc 1
  bytes 00
send
  dc 1
  bytes 00
send
  dc 1
  bytes 00
send
  dc 1
  bytes 00
send
  dc 1
  bytes 00
send
  dc 1
  bytes 00
send
  dc 1
  bytes 00
send
  dc 1
  bytes 00
send
  dc 1
  bytes 00
send
  dc 1
  bytes 00
send
  dc 1
  bytes 00
send
  dc 1
  bytes 00
send
  dc 1
  bytes 00
send
  dc 1
  bytes 00
send
  dc 1
  bytes 00
send
  dc 1
  bytes 00
send
  dc 1
  bytes 00
send
  dc 1
  bytes 00
send
  dc 1
  bytes 00
send
  dc 1
  bytes 00
send
  dc 1
  bytes 00
send
  dc 1
  bytes 00
send
  dc 1
  bytes 00
send
  dc 1
  bytes 00
send
  dc 1
  bytes 00
send
  dc 1
  bytes 00
send
  dc 1
  bytes 00
send
  dc 1
  bytes 00
send
  dc 1
  bytes 00
send
  dc 1
  bytes 00
send
  dc 1
  bytes 00
send
  dc 1
  bytes 00
send
  dc 1
  bytes 00
send
  dc 1
  bytes 00
send
  dc 1
  bytes 00
send
  dc 1
  bytes 00
send
  dc 1
  bytes 00
send
  dc 1
  bytes 00
send
  dc 1
  bytes 00
send
  dc 1
  bytes 00
send
  dc 1
  bytes 00
send
  dc 1
  bytes 00
send
  dc 1
  bytes 00
send
  dc 1
  bytes 00
send
  dc 1
  bytes 00
send
  dc 1
  bytes 00
send
  dc 1
  bytes 00
send
  dc 1
  bytes 00
send
  dc 1
  bytes 00
send
  dc 1
  bytes 00
send
  dc 1
  bytes 00
send
  dc 1
  bytes 00
send
  dc 1
  bytes 00
send
  dc 1
  bytes 00
send
  dc 1
  bytes 00
send
  dc 1
  bytes 00
send
  dc 1
  bytes 00
send
  dc 1
  bytes 00
send
  dc 1
  bytes 00
send
  dc 1
  bytes 00
send
  dc 1
  bytes 00
send
  dc 1
  bytes 00
send
  dc 1
  bytes 00
send
  dc 1
  bytes 00
send
  dc 1
  bytes 00
send
  dc 1
  bytes 00
send
  dc 1
  bytes 00
send
  dc 1
  bytes 00
send
  dc 1
  bytes 00
send
  dc 1
  bytes 00
send
  dc 1
  bytes 00
send
  dc 1
  bytes 00
send
  dc 1
  bytes 00
send
  dc 1
  bytes 00
send
  dc 1
  bytes 00
send
  dc 1
  bytes 00
send
  dc 1
  bytes 00
send
  dc 1
  bytes 00
send
  dc 1
  bytes 00
send
  dc 1
  bytes 00
send
  dc 1
  bytes 00
send
  dc 1
  bytes 00
send
  dc 1
  bytes 00
send
  dc 1
  bytes 00
send
  dc 1
  bytes 00
send
  dc 1
  bytes 00
send
  dc 1
  bytes 00
send
  dc 1
  bytes 00
send
  dc 1
  bytes 00
send
  dc 1
  bytes 00
send
  dc 0
  bytes b1
send
  dc 0
  bytes 10 02
send
  dc 1
  bytes 00
send
  dc 1
  bytes 00
send
  dc 1
  bytes 00
send
  dc 1
  bytes 00
send
  dc 1
  bytes 00
send
  dc 1
  bytes 00
send
  dc 1
  bytes 00
send
  dc 1
  bytes 00
send
  dc 1
  bytes 00
send
  dc 1
  bytes 00
send
  dc 1
  bytes 00
send
  dc 1
  bytes 00
send
  dc 1
  bytes 00
send
  dc 1
  bytes 00
send
  dc 1
  bytes 00
send
  dc 1
  bytes 00
send
  dc 1
  bytes 00
send
  dc 1
  bytes 00
send
  dc 1
  bytes 00
send
  dc 1
  bytes 00
send
  dc 1
  bytes 00
send
  dc 1
  bytes 00
send
  dc 1
  bytes 00
send
  dc 1
  bytes 00
send
  dc 1
  bytes 00
send
  dc 1
  bytes 00
send
  dc 1
  bytes 00
send
  dc 1
  bytes 00
send
  dc 1
  bytes 00
send
  dc 1
  bytes 00
send
  dc 1
  bytes 00
send
  dc 1
  bytes 00
send
  dc 1
  bytes 00
send
  dc 1
  bytes 00
send
  dc 1
  bytes 00
send
  dc 1
  bytes 00
send
  dc 1
  bytes 00
send
  dc 1
  bytes 00
send
  dc 1
  bytes 00
send
  dc 1
  bytes 00
send
  dc 1
  bytes 00
send
  dc 1
  bytes 00
send
  dc 1
  bytes 00
send
  dc 1
  bytes 00
send
  dc 1
  bytes 00
send
  dc 1
  bytes 00
send
  dc 1
  bytes 00
send
  dc 1
  bytes 00
send
  dc 1
  bytes 00
send
  dc 1
  bytes 00
send
  dc 1
  bytes 00
send
  dc 1
  bytes 00
send
  dc 1
  bytes 00
send
  dc 1
  bytes 00
send
  dc 1
  bytes 00
send
  dc 1
  bytes 00
send
  dc 1
  bytes 00
send
  dc 1
  bytes 00
send
  dc 1
  bytes 00
send
  dc 1
  bytes 00
send
  dc 1
  bytes 00
send
  dc 1
  bytes 00
send
  dc 1
  bytes 00
send
  dc 1
  bytes 00
send
  dc 1
  bytes 00
send
  dc 1
  bytes 00
send
  dc 1
  bytes 00
send
  dc 1
  bytes 00
send
  dc 1
  bytes 00
send
  dc 1
  bytes 00
send
  dc 1
  bytes 00
send
  dc 1
  bytes 00
send
  dc 1
  bytes 00
send
  dc 1
  bytes 00
send
  dc 1
  bytes 00
send
  dc 1
  bytes 00
send
  dc 1
  bytes 00
send
  dc 1
  bytes 00
send
  dc 1
  bytes 00
send
  dc 1
  bytes 00
send
  dc 1
  bytes 00
send
  dc 1
  bytes 00
send
  dc 1
  bytes 00
send
  dc 1
  bytes 00
send
  dc 1
  bytes 00
send
  dc 1
  bytes 00
send
  dc 1
  bytes 00
send
  dc 1
  bytes 00
send
  dc 1
  bytes 00
send
  dc 1
  bytes 00
send
  dc 1
  bytes 00
send
  dc 1
  bytes 00
send
  dc 1
  bytes 00
send
  dc 1
  bytes 00
send
  dc 1
  bytes 00
send
  dc 1
  bytes 00
send
  dc 1
  bytes 00
send
  dc 1
  bytes 00
send
  dc 1
  bytes 00
send
  dc 1
  bytes 00
send
  dc 1
  bytes 00
send
  dc 1
  bytes 00
send
  dc 1
  bytes 00
send
  dc 1
  bytes 00
send
  dc 1
  bytes 00
send
  dc 1
  bytes 00
send
  dc 1
  bytes 00
send
  dc 1
  bytes 00
send
  dc 1
  bytes 00
send
  dc 1
  bytes 00
send
  dc 1
  bytes 00
send
  dc 1
  bytes 00
send
  dc 1
  bytes 00
send
  dc 1
  bytes 00
send
  dc 1
  bytes 00
send
  dc 1
  bytes 00
send
  dc 1
  bytes 00
send
  dc 1
  bytes 00
send
  dc 1
  bytes 00
send
  dc 1
  bytes 00
send
  dc 1
  bytes 00
send
  dc 1
  bytes 00
send
  dc 1
  bytes 00
send
  dc 1
  bytes 00
send
  dc 1
  bytes 00
send
  dc 1
  bytes 00
send
  dc 1
  bytes 00
send
  dc 1
  bytes 00
send
  dc 0
  bytes b2
send
  dc 0
  bytes 10 02
send
  dc 1
  bytes 00
send
  dc 1
  bytes 00
send
  dc 1
  bytes 00
send
  dc 1
  bytes 00
send
  dc 1
  bytes 00
send
  dc 1
  bytes 00
send
  dc 1
  bytes 00
send
  dc 1
  bytes 00
send
  dc 1
  bytes 00
send
  dc 1
  bytes 00
send
  dc 1
  bytes 00
send
  dc 1
  bytes 00
send
  dc 1
  bytes 00
send
  dc 1
  bytes 00
send
  dc 1
  bytes 00
send
  dc 1
  bytes 00
send
  dc 1
  bytes 00
send
  dc 1
  bytes 00
send
  dc 1
  bytes 00
send
  dc 1
  bytes 00
send
  dc 1
  bytes 00
send
  dc 1
  bytes 00
send
  dc 1
  bytes 00
send
  dc 1
  bytes 00
send
  dc 1
  bytes 00
send
  dc 1
  bytes 00
send
  dc 1
  bytes 00
send
  dc 1
  bytes 00
send
  dc 1
  bytes 00
send
  dc 1
  bytes 00
send
  dc 1
  bytes 00
send
  dc 1
  bytes 00
send
  dc 1
  bytes 00
send
  dc 1
  bytes 00
send
  dc 1
  bytes 00
send
  dc 1
  bytes 00
send
  dc 1
  bytes 00
send
  dc 1
  bytes 00
send
  dc 1
  bytes 00
send
  dc 1
  bytes 00
send
  dc 1
  bytes 00
send
  dc 1
  bytes 00
send
  dc 1
  bytes 00
send
  dc 1
  bytes 00
send
  dc 1
  bytes 00
send
  dc 1
  bytes 00
send
  dc 1
  bytes 00
send
  dc 1
  bytes 00
send
  dc 1
  bytes 00
send
  dc 1
  bytes 00
send
  dc 1
  bytes 00
send
  dc 1
  bytes 00
send
  dc 1
  bytes 00
send
  dc 1
  bytes 00
send
  dc 1
  bytes 00
send
  dc 1
  bytes 00
send
  dc 1
  bytes 00
send
  dc 1
  bytes 00
send
  dc 1
  bytes 00
send
  dc 1
  bytes 00
send
  dc 1
  bytes 00
send
  dc 1
  bytes 00
send
  dc 1
  bytes 00
send
  dc 1
  bytes 00
send
  dc 1
  bytes 00
send
  dc 1
  bytes 00
send
  dc 1
  bytes 00
send
  dc 1
  bytes 00
send
  dc 1
  bytes 00
send
  dc 1
  bytes 00
send
  dc 1
  bytes 00
send
  dc 1
  bytes 00
send
  dc 1
  bytes 00
send
  dc 1
  bytes 00
send
  dc 1
  bytes 00
send
  dc 1
  bytes 00
send
  dc 1
  bytes 00
send
  dc 1
  bytes 00
send
  dc 1
  bytes 00
send
  dc 1
  bytes 00
send
  dc 1
  bytes 00
send
  dc 1
  bytes 00
send
  dc 1
  bytes 00
send
  dc 1
  bytes 00
send
  dc 1
  bytes 00
send
  dc 1
  bytes 00
send
  dc 1
  bytes 00
send
  dc 1
  bytes 00
send
  dc 1
  bytes 00
send
  dc 1
  bytes 00
send
  dc 1
  bytes 00
send
  dc 1
  bytes 00
send
  dc 1
  bytes 00
send
  dc 1
  bytes 00
send
  dc 1
  bytes 00
send
  dc 1
  bytes 00
send
  dc 1
  bytes 00
send
  dc 1
  bytes 00
send
  dc 1
  bytes 00
send
  dc 1
  bytes 00
send
  dc 1
  bytes 00
send
  dc 1
  bytes 00
send
  dc 1
  bytes 00
send
  dc 1
  bytes 00
send
  dc 1
  bytes 00
send
  dc 1
  bytes 00
send
  dc 1
  bytes 00
send
  dc 1
  bytes 00
send
  dc 1
  bytes 00
send
  dc 1
  bytes 00
send
  dc 1
  bytes 00
send
  dc 1
  bytes 00
send
  dc 1
  bytes 00
send
  dc 1
  bytes 00
send
  dc 1
  bytes 00
send
  dc 1
  bytes 00
send
  dc 1
  bytes 00
send
  dc 1
  bytes 00
send
  dc 1
  bytes 00
send
  dc 1
  bytes 00
send
  dc 1
  bytes 00
send
  dc 1
  bytes 00
send
  dc 1
  bytes 00
send
  dc 1
  bytes 00
send
  dc 1
  bytes 00
send
  dc 1
  bytes 00
send
  dc 1
  bytes 00
send
  dc 1
  bytes 00
send
  dc 0
  bytes b3
send
  dc 0
  bytes 10 02
send
  dc 1
  bytes 00
send
  dc 1
  bytes 00
send
  dc 1
  bytes 00
send
  dc 1
  bytes 00
send
  dc 1
  bytes 00
send
  dc 1
  bytes 00
send
  dc 1
  bytes 00
send
  dc 1
  bytes 00
send
  dc 1
  bytes 00
send
  dc 1
  bytes 00
send
  dc 1
  bytes 00
send
  dc 1
  bytes 00
send
  dc 1
  bytes 00
send
  dc 1
  bytes 00
send
  dc 1
  bytes 00
send
  dc 1
  bytes 00
send
  dc 1
  bytes 00
send
  dc 1
  bytes 00
send
  dc 1
  bytes 00
send
  dc 1
  bytes 00
send
  dc 1
  bytes 00
send
  dc 1
  bytes 00
send
  dc 1
  bytes 00
send
  dc 1
  bytes 00
send
  dc 1
  bytes 00
send
  dc 1
  bytes 00
send
  dc 1
  bytes 00
send
  dc 1
  bytes 00
send
  dc 1
  bytes 00
send
  dc 1
  bytes 00
send
  dc 1
  bytes 00
send
  dc 1
  bytes 00
send
  dc 1
  bytes 00
send
  dc 1
  bytes 00
send
  dc 1
  bytes 00
send
  dc 1
  bytes 00
send
  dc 1
  bytes 00
send
  dc 1
  bytes 00
send
  dc 1
  bytes 00
send
  dc 1
  bytes 00
send
  dc 1
  bytes 00
send
  dc 1
  bytes 00
send
  dc 1
  bytes 00
send
  dc 1
  bytes 00
send
  dc 1
  bytes 00
send
  dc 1
  bytes 00
send
  dc 1
  bytes 00
send
  dc 1
  bytes 00
send
  dc 1
  bytes 00
send
  dc 1
  bytes 00
send
  dc 1
  bytes 00
send
  dc 1
  bytes 00
send
  dc 1
  bytes 00
send
  dc 1
  bytes 00
send
  dc 1
  bytes 00
send
  dc 1
  bytes 00
send
  dc 1
  bytes 00
send
  dc 1
  bytes 00
send
  dc 1
  bytes 00
send
  dc 1
  bytes 00
send
  dc 1
  bytes 00
send
  dc 1
  bytes 00
send
  dc 1
  bytes 00
send
  dc 1
  bytes 00
send
  dc 1
  bytes 00
send
  dc 1
  bytes 00
send
  dc 1
  bytes 00
send
  dc 1
  bytes 00
send
  dc 1
  bytes 00
send
  dc 1
  bytes 00
send
  dc 1
  bytes 00
send
  dc 1
  bytes 00
send
  dc 1
  bytes 00
send
  dc 1
  bytes 00
send
  dc 1
  bytes 00
send
  dc 1
  bytes 00
send
  dc 1
  bytes 00
send
  dc 1
  bytes 00
send
  dc 1
  bytes 00
send
  dc 1
  bytes 00
send
  dc 1
  bytes 00
send
  dc 1
  bytes 00
send
  dc 1
  bytes 00
send
  dc 1
  bytes 00
send
  dc 1
  bytes 00
send
  dc 1
  bytes 00
send
  dc 1
  bytes 00
send
  dc 1
  bytes 00
send
  dc 1
  bytes 00
send
  dc 1
  bytes 00
send
  dc 1
  bytes 00
send
  dc 1
  bytes 00
send
  dc 1
  bytes 00
send
  dc 1
  bytes 00
send
  dc 1
  bytes 00
send
  dc 1
  bytes 00
send
  dc 1
  bytes 00
send
  dc 1
  bytes 00
send
  dc 1
  bytes 00
send
  dc 1
  bytes 00
send
  dc 1
  bytes 00
send
  dc 1
  bytes 00
send
  dc 1
  bytes 00
send
  dc 1
  bytes 00
send
  dc 1
  bytes 00
send
  dc 1
  bytes 00
send
  dc 1
  bytes 00
send
  dc 1
  bytes 00
send
  dc 1
  bytes 00
send
  dc 1
  bytes 00
send
  dc 1
  bytes 00
send
  dc 1
  bytes 00
send
  dc 1
  bytes 00
send
  dc 1
  bytes 00
send
  dc 1
  bytes 00
send
  dc 1
  bytes 00
send
  dc 1
  bytes 00
send
  dc 1
  bytes 00
send
  dc 1
  bytes 00
send
  dc 1
  bytes 00
send
  dc 1
  bytes 00
send
  dc 1
  bytes 00
send
  dc 1
  bytes 00
send
  dc 1
  bytes 00
send
  dc 1
  bytes 00
send
  dc 1
  bytes 00
send
  dc 1
  bytes 00
send
  dc 1
  bytes 00
send
  dc 0
  bytes b4
send
  dc 0
  bytes 10 02
send
  dc 1
  bytes 00
send
  dc 1
  bytes 00
send
  dc 1
  bytes 00
send
  dc 1
  bytes 00
send
  dc 1
  bytes 00
send
  dc 1
  bytes 00
send
  dc 1
  bytes 00
send
  dc 1
  bytes 00
send
  dc 1
  bytes 00
send
  dc 1
  bytes 00
send
  dc 1
  bytes 00
send
  dc 1
  bytes 00
send
  dc 1
  bytes 00
send
  dc 1
  bytes 00
send
  dc 1
  bytes 00
send
  dc 1
  bytes 00
send
  dc 1
  bytes 00
send
  dc 1
  bytes 00
send
  dc 1
  bytes 00
send
  dc 1
  bytes 00
send
  dc 1
  bytes 00
send
  dc 1
  bytes 00
send
  dc 1
  bytes 00
send
  dc 1
  bytes 00
send
  dc 1
  bytes 00
send
  dc 1
  bytes 00
send
  dc 1
  bytes 00
send
  dc 1
  bytes 00
send
  dc 1
  bytes 00
send
  dc 1
  bytes 00
send
  dc 1
  bytes 00
send
  dc 1
  bytes 00
send
  dc 1
  bytes 00
send
  dc 1
  bytes 00
send
  dc 1
  bytes 00
send
  dc 1
  bytes 00
send
  dc 1
  bytes 00
send
  dc 1
  bytes 00
send
  dc 1
  bytes 00
send
  dc 1
  bytes 00
send
  dc 1
  bytes 00
send
  dc 1
  bytes 00
send
  dc 1
  bytes 00
send
  dc 1
  bytes 00
send
  dc 1
  bytes 00
send
  dc 1
  bytes 00
send
  dc 1
  bytes 00
send
  dc 1
  bytes 00
send
  dc 1
  bytes 00
send
  dc 1
  bytes 00
send
  dc 1
  bytes 00
send
  dc 1
  bytes 00
send
  dc 1
  bytes 00
send
  dc 1
  bytes 00
send
  dc 1
  bytes 00
send
  dc 1
  bytes 00
send
  dc 1
  bytes 00
send
  dc 1
  bytes 00
send
  dc 1
  bytes 00
send
  dc 1
  bytes 00
send
  dc 1
  bytes 00
send
  dc 1
  bytes 00
send
  dc 1
  bytes 00
send
  dc 1
  bytes 00
send
  dc 1
  bytes 00
send
  dc 1
  bytes 00
send
  dc 1
  bytes 00
send
  dc 1
  bytes 00
send
  dc 1
  bytes 00
send
  dc 1
  bytes 00
send
  dc 1
  bytes 00
send
  dc 1
  bytes 00
send
  dc 1
  bytes 00
send
  dc 1
  bytes 00
send
  dc 1
  bytes 00
send
  dc 1
  bytes 00
send
  dc 1
  bytes 00
send
  dc 1
  bytes 00
send
  dc 1
  bytes 00
send
  dc 1
  bytes 00
send
  dc 1
  bytes 00
send
  dc 1
  bytes 00
send
  dc 1
  bytes 00
send
  dc 1
  bytes 00
send
  dc 1
  bytes 00
send
  dc 1
  bytes 00
send
  dc 1
  bytes 00
send
  dc 1
  bytes 00
send
  dc 1
  bytes 00
send
  dc 1
  bytes 00
send
  dc 1
  bytes 00
send
  dc 1
  bytes 00
send
  dc 1
  bytes 00
send
  dc 1
  bytes 00
send
  dc 1
  bytes 00
send
  dc 1
  bytes 00
send
  dc 1
  bytes 00
send
  dc 1
  bytes 00
send
  dc 1
  bytes 00
send
  dc 1
  bytes 00
send
  dc 1
  bytes 00
send
  dc 1
  bytes 00
send
  dc 1
  bytes 00
send
  dc 1
  bytes 00
send
  dc 1
  bytes 00
send
  dc 1
  bytes 00
send
  dc 1
  bytes 00
send
  dc 1
  bytes 00
send
  dc 1
  bytes 00
send
  dc 1
  bytes 00
send
  dc 1
  bytes 00
send
  dc 1
  bytes 00
send
  dc 1
  bytes 00
send
  dc 1
  bytes 00
send
  dc 1
  bytes 00
send
  dc 1
  bytes 00
send
  dc 1
  bytes 00
send
  dc 1
  bytes 00
send
  dc 1
  bytes 00
send
  dc 1
  bytes 00
send
  dc 1
  bytes 00
send
  dc 1
  bytes 00
send
  dc 1
  bytes 00
send
  dc 1
  bytes 00
send
  dc 1
  bytes 00
send
  dc 1
  bytes 00
send
  dc 1
  bytes 00
send
  dc 1
  bytes 00
send
  dc 0
  bytes b5
send
  dc 0
  bytes 10 02
send
  dc 1
  bytes 00
send
  dc 1
  bytes 00
send
  dc 1
  bytes 00
send
  dc 1
  bytes 00
send
  dc 1
  bytes 00
send
  dc 1
  bytes 00
send
  dc 1
  bytes 00
send
  dc 1
  bytes 00
send
  dc 1
  bytes 00
send
  dc 1
  bytes 00
send
  dc 1
  bytes 00
send
  dc 1
  bytes 00
send
  dc 1
  bytes 00
send
  dc 1
  bytes 00
send
  dc 1
  bytes 00
send
  dc 1
  bytes 00
send
  dc 1
  bytes 00
send
  dc 1
  bytes 00
send
  dc 1
  bytes 00
send
  dc 1
  bytes 00
send
  dc 1
  bytes 00
send
  dc 1
  bytes 00
send
  dc 1
  bytes 00
send
  dc 1
  bytes 00
send
  dc 1
  bytes 00
send
  dc 1
  bytes 00
send
  dc 1
  bytes 00
send
  dc 1
  bytes 00
send
  dc 1
  bytes 00
send
  dc 1
  bytes 00
send
  dc 1
  bytes 00
send
  dc 1
  bytes 00
send
  dc 1
  bytes 00
send
  dc 1
  bytes 00
send
  dc 1
  bytes 00
send
  dc 1
  bytes 00
send
  dc 1
  bytes 00
send
  dc 1
  bytes 00
send
  dc 1
  bytes 00
send
  dc 1
  bytes 00
send
  dc 1
  bytes 00
send
  dc 1
  bytes 00
send
  dc 1
  bytes 00
send
  dc 1
  bytes 00
send
  dc 1
  bytes 00
send
  dc 1
  bytes 00
send
  dc 1
  bytes 00
send
  dc 1
  bytes 00
send
  dc 1
  bytes 00
send
  dc 1
  bytes 00
send
  dc 1
  bytes 00
send
  dc 1
  bytes 00
send
  dc 1
  bytes 00
send
  dc 1
  bytes 00
send
  dc 1
  bytes 00
send
  dc 1
  bytes 00
send
  dc 1
  bytes 00
send
  dc 1
  bytes 00
send
  dc 1
  bytes 00
send
  dc 1
  bytes 00
send
  dc 1
  bytes 00
send
  dc 1
  bytes 00
send
  dc 1
  bytes 00
send
  dc 1
  bytes 00
send
  dc 1
  bytes 00
send
  dc 1
  bytes 00
send
  dc 1
  bytes 00
send
  dc 1
  bytes 00
send
  dc 1
  bytes 00
send
  dc 1
  bytes 00
send
  dc 1
  bytes 00
send
  dc 1
  bytes 00
send
  dc 1
  bytes 00
send
  dc 1
  bytes 00
send
  dc 1
  bytes 00
send
  dc 1
  bytes 00
send
  dc 1
  bytes 00
send
  dc 1
  bytes 00
send
  dc 1
  bytes 00
send
  dc 1
  bytes 00
send
  dc 1
  bytes 00
send
  dc 1
  bytes 00
send
  dc 1
  bytes 00
send
  dc 1
  bytes 00
send
  dc 1
  bytes 00
send
  dc 1
  bytes 00
send
  dc 1
  bytes 00
send
  dc 1
  bytes 00
send
  dc 1
  bytes 00
send
  dc 1
  bytes 00
send
  dc 1
  bytes 00
send
  dc 1
  bytes 00
send
  dc 1
  bytes 00
send
  dc 1
  bytes 00
send
  dc 1
  bytes 00
send
  dc 1
  bytes 00
send
  dc 1
  bytes 00
send
  dc 1
  bytes 00
send
  dc 1
  bytes 00
send
  dc 1
  bytes 00
send
  dc 1
  bytes 00
send
  dc 1
  bytes 00
send
  dc 1
  bytes 00
send
  dc 1
  bytes 00
send
  dc 1
  bytes 00
send
  dc 1
  bytes 00
send
  dc 1
  bytes 00
send
  dc 1
  bytes 00
send
  dc 1
  bytes 00
send
  dc 1
  bytes 00
send
  dc 1
  bytes 00
send
  dc 1
  bytes 00
send
  dc 1
  bytes 00
send
  dc 1
  bytes 00
send
  dc 1
  bytes 00
send
  dc 1
  bytes 00
send
  dc 1
  bytes 00
send
  dc 1
  bytes 00
send
  dc 1
  bytes 00
send
  dc 1
  bytes 00
send
  dc 1
  bytes 00
send
  dc 1
  bytes 00
send
  dc 1
  bytes 00
send
  dc 1
  bytes 00
send
  dc 1
  bytes 00
send
  dc 1
  bytes 00
send
  dc 1
  bytes 00
send
  dc 1
  bytes 00
send
  dc 0
  bytes b6
send
  dc 0
  bytes 10 02
send
  dc 1
  bytes 00
send
  dc 1
  bytes 00
send
  dc 1
  bytes 00
send
  dc 1
  bytes 00
send
  dc 1
  bytes 00
send
  dc 1
  bytes 00
send
  dc 1
  bytes 00
send
  dc 1
  bytes 00
send
  dc 1
  bytes 00
send
  dc 1
  bytes 00
send
  dc 1
  bytes 00
send
  dc 1
  bytes 00
send
  dc 1
  bytes 00
send
  dc 1
  bytes 00
send
  dc 1
  bytes 00
send
  dc 1
  bytes 00
send
  dc 1
  bytes 00
send
  dc 1
  bytes 00
send
  dc 1
  bytes 00
send
  dc 1
  bytes 00
send
  dc 1
  bytes 00
send
  dc 1
  bytes 00
send
  dc 1
  bytes 00
send
  dc 1
  bytes 00
send
  dc 1
  bytes 00
send
  dc 1
  bytes 00
send
  dc 1
  bytes 00
send
  dc 1
  bytes 00
send
  dc 1
  bytes 00
send
  dc 1
  bytes 00
send
  dc 1
  bytes 00
send
  dc 1
  bytes 00
send
  dc 1
  bytes 00
send
  dc 1
  bytes 00
send
  dc 1
  bytes 00
send
  dc 1
  bytes 00
send
  dc 1
  bytes 00
send
  dc 1
  bytes 00
send
  dc 1
  bytes 00
send
  dc 1
  bytes 00
send
  dc 1
  bytes 00
send
  dc 1
  bytes 00
send
  dc 1
  bytes 00
send
  dc 1
  bytes 00
send
  dc 1
  bytes 00
send
  dc 1
  bytes 00
send
  dc 1
  bytes 00
send
  dc 1
  bytes 00
send
  dc 1
  bytes 00
send
  dc 1
  bytes 00
send
  dc 1
  bytes 00
send
  dc 1
  bytes 00
send
  dc 1
  bytes 00
send
  dc 1
  bytes 00
send
  dc 1
  bytes 00
send
  dc 1
  bytes 00
send
  dc 1
  bytes 00
send
  dc 1
  bytes 00
send
  dc 1
  bytes 00
send
  dc 1
  bytes 00
send
  dc 1
  bytes 00
send
  dc 1
  bytes 00
send
  dc 1
  bytes 00
send
  dc 1
  bytes 00
send
  dc 1
  bytes 00
send
  dc 1
  bytes 00
send
  dc 1
  bytes 00
send
  dc 1
  bytes 00
send
  dc 1
  bytes 00
send
  dc 1
  bytes 00
send
  dc 1
  bytes 00
send
  dc 1
  bytes 00
send
  dc 1
  bytes 00
send
  dc 1
  bytes 00
send
  dc 1
  bytes 00
send
  dc 1
  bytes 00
send
  dc 1
  bytes 00
send
  dc 1
  bytes 00
send
  dc 1
  bytes 00
send
  dc 1
  bytes 00
send
  dc 1
  bytes 00
send
  dc 1
  bytes 00
send
  dc 1
  bytes 00
send
  dc 1
  bytes 00
send
  dc 1
  bytes 00
send
  dc 1
  bytes 00
send
  dc 1
  bytes 00
send
  dc 1
  bytes 00
send
  dc 1
  bytes 00
send
  dc 1
  bytes 00
send
  dc 1
  bytes 00
send
  dc 1
  bytes 00
send
  dc 1
  bytes 00
send
  dc 1
  bytes 00
send
  dc 1
  bytes 00
send
  dc 1
  bytes 00
send
  dc 1
  bytes 00
send
  dc 1
  bytes 00
send
  dc 1
  bytes 00
send
  dc 1
  bytes 00
send
  dc 1
  bytes 00
send
  dc 1
  bytes 00
send
  dc 1
  bytes 00
send
  dc 1
  bytes 00
send
  dc 1
  bytes 00
send
  dc 1
  bytes 00
send
  dc 1
  bytes 00
send
  dc 1
  bytes 00
send
  dc 1
  bytes 00
send
  dc 1
  bytes 00
send
  dc 1
  bytes 00
send
  dc 1
  bytes 00
send
  dc 1
  bytes 00
send
  dc 1
  bytes 00
send
  dc 1
  bytes 00
send
  dc 1
  bytes 00
send
  dc 1
  bytes 00
send
  dc 1
  bytes 00
send
  dc 1
  bytes 00
send
  dc 1
  bytes 00
send
  dc 1
  bytes 00
send
  dc 1
  bytes 00
send
  dc 1
  bytes 00
send
  dc 1
  bytes 00
send
  dc 1
  bytes 00
send
  dc 1
  bytes 00
send
  dc 1
  bytes 00
send
  dc 1
  bytes 00
send
  dc 0
  bytes b7
send
  dc 0
  bytes 10 02
send
  dc 1
  bytes 00
send
  dc 1
  bytes 00
send
  dc 1
  bytes 00
send
  dc 1
  bytes 00
send
  dc 1
  bytes 00
send
  dc 1
  bytes 00
send
  dc 1
  bytes 00
send
  dc 1
  bytes 00
send
  dc 1
  bytes 00
send
  dc 1
  bytes 00
send
  dc 1
  bytes 00
send
  dc 1
  bytes 00
send
  dc 1
  bytes 00
send
  dc 1
  bytes 00
send
  dc 1
  bytes 00
send
  dc 1
  bytes 00
send
  dc 1
  bytes 00
send
  dc 1
  bytes 00
send
  dc 1
  bytes 00
send
  dc 1
  bytes 00
send
  dc 1
  bytes 00
send
  dc 1
  bytes 00
send
  dc 1
  bytes 00
send
  dc 1
  bytes 00
send
  dc 1
  bytes 00
send
  dc 1
  bytes 00
send
  dc 1
  bytes 00
send
  dc 1
  bytes 00
send
  dc 1
  bytes 00
send
  dc 1
  bytes 00
send
  dc 1
  bytes 00
send
  dc 1
  bytes 00
send
  dc 1
  bytes 00
send
  dc 1
  bytes 00
send
  dc 1
  bytes 00
send
  dc 1
  bytes 00
send
  dc 1
  bytes 00
send
  dc 1
  bytes 00
send
  dc 1
  bytes 00
send
  dc 1
  bytes 00
send
  dc 1
  bytes 00
send
  dc 1
  bytes 00
send
  dc 1
  bytes 00
send
  dc 1
  bytes 00
send
  dc 1
  bytes 00
send
  dc 1
  bytes 00
send
  dc 1
  bytes 00
send
  dc 1
  bytes 00
send
  dc 1
  bytes 00
send
  dc 1
  bytes 00
send
  dc 1
  bytes 00
send
  dc 1
  bytes 00
send
  dc 1
  bytes 00
send
  dc 1
  bytes 00
send
  dc 1
  bytes 00
send
  dc 1
  bytes 00
send
  dc 1
  bytes 00
send
  dc 1
  bytes 00
send
  dc 1
  bytes 00
send
  dc 1
  bytes 00
send
  dc 1
  bytes 00
send
  dc 1
  bytes 00
send
  dc 1
  bytes 00
send
  dc 1
  bytes 00
send
  dc 1
  bytes 00
send
  dc 1
  bytes 00
send
  dc 1
  bytes 00
send
  dc 1
  bytes 00
send
  dc 1
  bytes 00
send
  dc 1
  bytes 00
send
  dc 1
  bytes 00
send
  dc 1
  bytes 00
send
  dc 1
  bytes 00
send
  dc 1
  bytes 00
send
  dc 1
  bytes 00
send
  dc 1
  bytes 00
send
  dc 1
  bytes 00
send
  dc 1
  bytes 00
send
  dc 1
  bytes 00
send
  dc 1
  bytes 00
send
  dc 1
  bytes 00
send
  dc 1
  bytes 00
send
  dc 1
  bytes 00
send
  dc 1
  bytes 00
send
  dc 1
  bytes 00
send
  dc 1
  bytes 00
send
  dc 1
  bytes 00
send
  dc 1
  bytes 00
send
  dc 1
  bytes 00
send
  dc 1
  bytes 00
send
  dc 1
  bytes 00
send
  dc 1
  bytes 00
send
  dc 1
  bytes 00
send
  dc 1
  bytes 00
send
  dc 1
  bytes 00
send
  dc 1
  bytes 00
send
  dc 1
  bytes 00
send
  dc 1
  bytes 00
send
  dc 1
  bytes 00
send
  dc 1
  bytes 00
send
  dc 1
  bytes 00
send
  dc 1
  bytes 00
send
  dc 1
  bytes 00
send
  dc 1
  bytes 00
send
  dc 1
  bytes 00
send
  dc 1
  bytes 00
send
  dc 1
  bytes 00
send
  dc 1
  bytes 00
send
  dc 1
  bytes 00
send
  dc 1
  bytes 00
send
  dc 1
  bytes 00
send
  dc 1
  bytes 00
send
  dc 1
  bytes 00
send
  dc 1
  bytes 00
send
  dc 1
  bytes 00
send
  dc 1
  bytes 00
send
  dc 1
  bytes 00
send
  dc 1
  bytes 00
send
  dc 1
  bytes 00
send
  dc 1
  bytes 00
send
  dc 1
  bytes 00
send
  dc 1
  bytes 00
send
  dc 1
  bytes 00
send
  dc 1
  bytes 00
send
  dc 1
  bytes 00
send
  dc 1
  bytes 00
send
  dc 1
  bytes 00
send
  dc 1
  bytes 00
send
  dc 0
  bytes af
delay_ns 100000000
comm_end
init
comm_begin
send
  dc 0
  bytes b0
send
  dc 0
  bytes 10 02
send
  dc 1
  bytes 01 01 02 02 04 04 08 08 10 10 20 20 40 40 80 80 00 00 00 00 00 00 00 00 00 00 00 00 00 00 00 00 00 00 00 00 00 00 00 00 00 00 00 00 00 00 00 00 00 00 00 00 00 00 00 00 00 00 00 00 00 00 00 00 00 00 00 00 00 00 00 00 00 00 00 00 00 00 00 00 00 00 00 00 00 00 00 00 00 00 00 00 00 00 00 00 00 00 00 00 00 00 00 00 00 00 00 00 00 00 00 00 80 80 40 40 20 20 10 10 08 08 04 04 02 02 01
send
  dc 0
  bytes b1
send
  dc 0
  bytes 10 02
send
  dc 1
  bytes 00 00 00 00 00 00 00 00 00 00 00 00 00 00 00 00 01 01 02 02 04 04 08 08 10 10 20 20 40 40 80 80 00 00 00 00 00 00 00 00 00 00 00 00 00 00 00 00 00 00 00 00 00 00 00 00 00 00 00 00 00 00 00 00 00 00 00 00 00 00 00 00 00 00 00 00 00 00 00 00 00 00 00 00 00 00 00 00 00 00 00 00 00 00 00 00 80 80 40 40 20 20 10 10 08 08 04 04 02 02 01 01 00 00 00 00 00 00 00 00 00 00 00 00 00 00 00
send
  dc 0
  bytes b2
send
  dc 0
  bytes 10 02
send
  dc 1
  bytes 00 00 00 00 00 00 00 00 00 00 00 00 00 00 00 00 00 00 00 00 00 00 00 00 00 00 00 00 00 00 00 00 01 01 02 02 04 04 08 08 10 10 20 20 40 40 80 80 00 00 00 00 00 00 00 00 00 00 00 00 00 00 00 00 00 00 00 00 00 00 00 00 00 00 00 00 00 00 00 00 80 80 40 40 20 20 10 10 08 08 04 04 02 02 01 01 00 00 00 00 00 00 00 00 00 00 00 00 00 00 00 00 00 00 00 00 00 00 00 00 00 00 00 00 00 00 00
send
  dc 0
  bytes b3
send
  dc 0
  bytes 10 02
send
  dc 1
  bytes 00 00 00 00 00 00 00 00 00 00 00 00 00 00 00 00 00 00 00 00 00 00 00 00 00 00 00 00 00 00 00 00 00 00 00 00 00 00 00 00 00 00 00 00 00 00 00 00 01 01 02 02 04 04 08 08 10 10 20 20 40 40 80 80 80 80 40 40 20 20 10 10 08 08 04 04 02 02 01 01 00 00 00 00 00 00 00 00 00 00 00 00 00 00 00 00 00 00 00 00 00 00 00 00 00 00 00 00 00 00 00 00 00 00 00 00 00 00 00 00 00 00 00 00 00 00 00
send
  dc 0
  bytes b4
send
  dc 0
  bytes 10 02
send
  dc 1
  bytes 00 00 00 00 00 00 00 00 00 00 00 00 00 00 00 00 00 00 00 00 00 00 00 00 00 00 00 00 00 00 00 00 00 00 00 00 00 00 00 00 00 00 00 00 00 00 00 00 80 80 40 40 20 20 10 10 08 08 04 04 02 02 01 01 01 01 02 02 04 04 08 08 10 10 20 20 40 40 80 80 00 00 00 00 00 00 00 00 00 00 00 00 00 00 00 00 00 00 00 00 00 00 00 00 00 00 00 00 00 00 00 00 00 00 00 00 00 00 00 00 00 00 00 00 00 00 00
send
  dc 0
  bytes b5
send
  dc 0
  bytes 10 02
send
  dc 1
  bytes 00 00 00 00 00 00 00 00 00 00 00 00 00 00 00 00 00 00 00 00 00 00 00 00 00 00 00 00 00 00 00 00 80 80 40 40 20 20 10 10 08 08 04 04 02 02 01 01 00 00 00 00 00 00 00 00 00 00 00 00 00 00 00 00 00 00 00 00 00 00 00 00 00 00 00 00 00 00 00 00 01 01 02 02 04 04 08 08 10 10 20 20 40 40 80 80 00 00 00 00 00 00 00 00 00 00 00 00 00 00 00 00 00 00 00 00 00 00 00 00 00 00 00 00 00 00 00
send
  dc 0
  bytes b6
send
  dc 0
  bytes 10 02
send
  dc 1
  bytes 00 00 00 00 00 00 00 00 00 00 00 00 00 00 00 00 80 80 40 40 20 20 10 10 08 08 04 04 02 02 01 01 00 00 00 00 00 00 00 00 00 00 00 00 00 00 00 00 00 00 00 00 00 00 00 00 00 00 00 00 00 00 00 00 00 00 00 00 00 00 00 00 00 00 00 00 00 00 00 00 00 00 00 00 00 00 00 00 00 00 00 00 00 00 00 00 01 01 02 02 04 04 08 08 10 10 20 20 40 40 80 80 00 00 00 00 00 00 00 00 00 00 00 00 00 00 00
send
  dc 0
  bytes b7
send
  dc 0
  bytes 10 02
send
  dc 1
  bytes 80 80 40 40 20 20 10 10 08 08 04 04 02 02 01 01 00 00 00 00 00 00 00 00 00 00 00 00 00 00 00 00 00 00 00 00 00 00 00 00 00 00 00 00 00 00 00 00 00 00 00 00 00 00 00 00 00 00 00 00 00 00 00 00 00 00 00 00 00 00 00 00 00 00 00 00 00 00 00 00 00 00 00 00 00 00 00 00 00 00 00 00 00 00 00 00 00 00 00 00 00 00 00 00 00 00 00 00 00 00 00 00 01 01 02 02 04 04 08 08 10 10 20 20 40 40 80
comm_end
